2026-09-17 11:04:39,804 INFO [edu.spu.se411.lab06_logging.App.main()] edu.spu.se411.lab06_logging.App - Application is starting...
2026-09-17 11:04:39,805 WARN [edu.spu.se411.lab06_logging.App.main()] edu.spu.se411.lab06_logging.exceptions.InsufficientFundsException - InsufficientFundsException created: Insufficient funds. Your balance is 1000.0
2026-09-17 11:04:39,806 ERROR [edu.spu.se411.lab06_logging.App.main()] edu.spu.se411.lab06_logging.App - Withdrawal failed for amount 1500.0
edu.spu.se411.lab06_logging.exceptions.InsufficientFundsException: Insufficient funds. Your balance is 1000.0
	at edu.spu.se411.lab06_logging.model.WalletAccount.withdraw(WalletAccount.java:25)
	at edu.spu.se411.lab06_logging.App.main(App.java:26)
	at org.codehaus.mojo.exec.ExecJavaMojo.doMain(ExecJavaMojo.java:375)
	at org.codehaus.mojo.exec.ExecJavaMojo.doExec(ExecJavaMojo.java:364)
	at org.codehaus.mojo.exec.ExecJavaMojo.lambda$execute$0(ExecJavaMojo.java:286)
	at java.base/java.lang.Thread.run(Thread.java:1583)
2026-09-17 11:04:39,807 ERROR [edu.spu.se411.lab06_logging.App.main()] edu.spu.se411.lab06_logging.App - Deposit failed for amount -100.0
java.lang.IllegalArgumentException: Cannot deposit negative number: -100.0
	at edu.spu.se411.lab06_logging.model.WalletAccount.deposit(WalletAccount.java:36)
	at edu.spu.se411.lab06_logging.App.main(App.java:35)
	at org.codehaus.mojo.exec.ExecJavaMojo.doMain(ExecJavaMojo.java:375)
	at org.codehaus.mojo.exec.ExecJavaMojo.doExec(ExecJavaMojo.java:364)
	at org.codehaus.mojo.exec.ExecJavaMojo.lambda$execute$0(ExecJavaMojo.java:286)
	at java.base/java.lang.Thread.run(Thread.java:1583)
2026-09-17 11:04:39,807 INFO [edu.spu.se411.lab06_logging.App.main()] edu.spu.se411.lab06_logging.App - Application is ending...
2026-09-17 11:08:01,459 INFO [edu.spu.se411.lab06_logging.App.main()] edu.spu.se411.lab06_logging.App - Application is starting...
2026-09-17 11:08:01,460 DEBUG [edu.spu.se411.lab06_logging.App.main()] edu.spu.se411.lab06_logging.model.WalletAccount - Wallet account created with balance 1000.0
2026-09-17 11:08:01,460 DEBUG [edu.spu.se411.lab06_logging.App.main()] edu.spu.se411.lab06_logging.model.WalletAccount - Withdraw requested: amount=1500.0, balance=1000.0
2026-09-17 11:08:01,461 WARN [edu.spu.se411.lab06_logging.App.main()] edu.spu.se411.lab06_logging.exceptions.InsufficientFundsException - InsufficientFundsException created: Insufficient funds. Your balance is 1000.0
2026-09-17 11:08:01,461 ERROR [edu.spu.se411.lab06_logging.App.main()] edu.spu.se411.lab06_logging.App - Withdrawal failed for amount 1500.0
edu.spu.se411.lab06_logging.exceptions.InsufficientFundsException: Insufficient funds. Your balance is 1000.0
	at edu.spu.se411.lab06_logging.model.WalletAccount.withdraw(WalletAccount.java:25)
	at edu.spu.se411.lab06_logging.App.main(App.java:26)
	at org.codehaus.mojo.exec.ExecJavaMojo.doMain(ExecJavaMojo.java:375)
	at org.codehaus.mojo.exec.ExecJavaMojo.doExec(ExecJavaMojo.java:364)
	at org.codehaus.mojo.exec.ExecJavaMojo.lambda$execute$0(ExecJavaMojo.java:286)
	at java.base/java.lang.Thread.run(Thread.java:1583)
2026-09-17 11:08:01,462 DEBUG [edu.spu.se411.lab06_logging.App.main()] edu.spu.se411.lab06_logging.model.WalletAccount - Deposit requested: amount=-100.0, balance=1000.0
2026-09-17 11:08:01,462 ERROR [edu.spu.se411.lab06_logging.App.main()] edu.spu.se411.lab06_logging.App - Deposit failed for amount -100.0
java.lang.IllegalArgumentException: Cannot deposit negative number: -100.0
	at edu.spu.se411.lab06_logging.model.WalletAccount.deposit(WalletAccount.java:36)
	at edu.spu.se411.lab06_logging.App.main(App.java:35)
	at org.codehaus.mojo.exec.ExecJavaMojo.doMain(ExecJavaMojo.java:375)
	at org.codehaus.mojo.exec.ExecJavaMojo.doExec(ExecJavaMojo.java:364)
	at org.codehaus.mojo.exec.ExecJavaMojo.lambda$execute$0(ExecJavaMojo.java:286)
	at java.base/java.lang.Thread.run(Thread.java:1583)
2026-09-17 11:08:01,462 DEBUG [edu.spu.se411.lab06_logging.App.main()] edu.spu.se411.lab06_logging.model.WalletAccount - Deposit requested: amount=250.0, balance=1000.0
2026-09-17 11:08:01,462 DEBUG [edu.spu.se411.lab06_logging.App.main()] edu.spu.se411.lab06_logging.model.WalletAccount - Deposit successful. New balance: 1250.0
2026-09-17 11:08:01,462 DEBUG [edu.spu.se411.lab06_logging.App.main()] edu.spu.se411.lab06_logging.model.WalletAccount - Withdraw requested: amount=400.0, balance=1250.0
2026-09-17 11:08:01,462 DEBUG [edu.spu.se411.lab06_logging.App.main()] edu.spu.se411.lab06_logging.model.WalletAccount - Withdrawal successful. Remaining balance: 850.0
2026-09-17 11:08:01,462 INFO [edu.spu.se411.lab06_logging.App.main()] edu.spu.se411.lab06_logging.App - Application is ending...
